// core.option — Option<T> 与可空语义（自举前实现）
// 当前：Option_i32 / Option_u8 具象类型及 some/none/unwrap_or/is_some/is_none/expect、or/and；泛型 Option<T> 与 map/and_then 待类型实参与函数类型支持后扩展。

// Option_i32：可空 i32，is_some 为真时 value 有效
struct Option_i32 {
  is_some: bool;
  value: i32;
}

// 构造“无值”
function none_i32(): Option_i32 {
  return Option_i32 { is_some: false, value: 0 }
}

// 构造“有值”
function some_i32(x: i32): Option_i32 {
  return Option_i32 { is_some: true, value: x }
}

// 有值则返回值，否则返回默认值
function unwrap_or_i32(opt: Option_i32, default_val: i32): i32 {
  return opt.is_some ? opt.value : default_val;
}

// 是否为“有值”
function is_some_i32(opt: Option_i32): bool {
  return opt.is_some;
}

// 是否为“无值”
function is_none_i32(opt: Option_i32): bool {
  return !opt.is_some;
}

// 有值则返回值，否则 panic（用于必须有的场景）
function expect_i32(opt: Option_i32): i32 {
  if (opt.is_some) {
    return opt.value;
  }
  return panic();
}

// 若 opt 有值则返回 opt，否则返回 other（组合两个可选值，取第一个 Some）
function or_i32(opt: Option_i32, other: Option_i32): Option_i32 {
  return opt.is_some ? opt : other;
}

// 若 opt 无值则返回 None，否则返回 other（串联：当前有值才继续）
function and_i32(opt: Option_i32, other: Option_i32): Option_i32 {
  return opt.is_some ? other : none_i32();
}

// ——— Option_u8：可空 u8，供切片 get_u8、字节流等使用 ———
allow(padding) struct Option_u8 {
  is_some: bool;
  value: u8;
}
function none_u8(): Option_u8 { return Option_u8 { is_some: false, value: 0 } }
function some_u8(x: u8): Option_u8 { return Option_u8 { is_some: true, value: x } }
function unwrap_or_u8(opt: Option_u8, default_val: u8): u8 { return opt.is_some ? opt.value : default_val; }
function is_some_u8(opt: Option_u8): bool { return opt.is_some; }
function is_none_u8(opt: Option_u8): bool { return !opt.is_some; }
function expect_u8(opt: Option_u8): u8 {
  if (opt.is_some) {
    return opt.value;
  }
  return panic();
}

function or_u8(opt: Option_u8, other: Option_u8): Option_u8 { return opt.is_some ? opt : other; }
function and_u8(opt: Option_u8, other: Option_u8): Option_u8 { return opt.is_some ? other : none_u8(); }

// ——— Option_u64：可空 u64，供 CORE-020 SliceIter_u64 使用 ———
allow(padding) struct Option_u64 {
  is_some: bool;
  value: u64;
}

/** 构造无值 Option_u64。 */
function none_u64(): Option_u64 { return Option_u64 { is_some: false, value: 0 } }

/** 构造有值 Option_u64。 */
function some_u64(x: u64): Option_u64 { return Option_u64 { is_some: true, value: x } }

// ——— eager 组合子（CORE-002 map/and_then） ———

/** 有值则 some(mapped)，否则 none。 */
function map_i32(opt: Option_i32, mapped: i32): Option_i32 {
  if (is_some_i32(opt)) {
    return some_i32(mapped);
  }
  return none_i32();
}

/** 有值则 some(mapped)，否则 none。 */
function map_u8(opt: Option_u8, mapped: u8): Option_u8 {
  if (is_some_u8(opt)) {
    return some_u8(mapped);
  }
  return none_u8();
}

/** 有值则返回 next，否则 none。 */
function and_then_i32(opt: Option_i32, next: Option_i32): Option_i32 {
  if (is_some_i32(opt)) {
    return next;
  }
  return none_i32();
}

/** 泛型 unwrap_or：有值返回值，否则 default（字段解构版，避免与 unwrap_or_i32 重名）。 */
function unwrap_or_val<T>(is_some: bool, value: T, default_val: T): T {
  if (is_some) {
    return value;
  }
  return default_val;
}

// ——— Option_ptr_u8：可空指针 ———
allow(padding) struct Option_ptr_u8 {
  is_some: bool;
  value: *u8;
}

/** 构造无值 Option_ptr_u8。 */
function none_ptr_u8(): Option_ptr_u8 {
  return Option_ptr_u8 { is_some: false, value: 0 as *u8 };
}

/** 构造有值 Option_ptr_u8。 */
function some_ptr_u8(ptr: *u8): Option_ptr_u8 {
  return Option_ptr_u8 { is_some: true, value: ptr };
}

/** 有值则 some(mapped)，否则 none。 */
function map_ptr_u8(opt: Option_ptr_u8, mapped: *u8): Option_ptr_u8 {
  if (is_some_ptr_u8(opt)) {
    return some_ptr_u8(mapped);
  }
  return none_ptr_u8();
}

/** 是否为 Some。 */
function is_some_ptr_u8(opt: Option_ptr_u8): bool {
  return opt.is_some;
}

/** 是否为 None。 */
function is_none_ptr_u8(opt: Option_ptr_u8): bool {
  return !opt.is_some;
}

/** 有值则返回指针，否则 panic。 */
function expect_ptr_u8(opt: Option_ptr_u8): *u8 {
  if (opt.is_some) {
    return opt.value;
  }
  return panic();
}

// 泛型占位，表示本模块可 import；完整 Option<T> 待类型实参语法后扩展
function option_placeholder<T>(x: T): T { return x; }
