// lsp_diag.su — LSP「文本诊断」响应：parse_into_buf + typeck_su_ast（经 pipeline），不写 codegen。
//
// 职责：收到 diagnostic 请求时对正文跑一次 .su 前端，依赖 runtime.c 在 lsp_diag_enabled 下把 driver_diagnostic_* 转写为 lsp_diag_add；
// 再用 lsp_diag_format_diagnostics_json + lsp_build_response_with_result 产出 JSON-RPC。
// 与 lsp_diag.c 中 definition/hover/references（仍用 C parse + lsp_ensure_module）分离：此处开头 invalidate 缓存，避免混用两种 AST。
//
// 约束：ctx 由 lsp_diag_prepare_pipeline_ctx 填入 libRoots/entry_dir；pipeline 内装载 direct import deps 后 typeck。

import ast;

/** 与 pipeline.su 经 -E 导出名 pipeline_lsp_diag_parse_typeck_buf 一致；仅用 extern 引用，避免 import pipeline。 */
extern function pipeline_lsp_diag_parse_typeck_buf(module: *Module, arena: *ASTArena, source_data: *u8, source_len: i32, ctx: *PipelineDepCtx): i32;

/** C 侧：按 SHULANG_LSP_LIB_ROOTS / entry_dir 填充 PipelineDepCtx。 */
extern function lsp_diag_prepare_pipeline_ctx(ctx: *PipelineDepCtx): void;

/** 复制 n 字节（避免 extern memcpy 与 Darwin string.h 宏冲突）。 */
function copy_bytes(dest: *u8, src: *u8, n: usize): void {
  let i: usize = 0 as usize;
  while (i < n) {
    dest[i] = src[i];
    i = i + 1 as usize;
  }
}
extern function heap_alloc_c(size: usize): *u8;
extern function heap_free_c(ptr: *u8): void;

/** 使 C 侧模块/诊断 JSON 缓存失效（definition 等路径将重新 parse）。 */
extern function lsp_diag_invalidate_cache(): void;

/** 打开/关闭「诊断写入收集器」会话（转调 lsp_diag_enabled）。 */
extern function lsp_diag_collect_begin(): void;
extern function lsp_diag_collect_end(): void;

/** 将 arena/module/PipelineDepCtx 三块一次性缓冲清零后复用（池化 AST，勿 ast_module_free）。 */
extern function lsp_diag_su_reset_parse_buffers(): void;

extern function lsp_diag_su_arena_ptr(): *ASTArena;
extern function lsp_diag_su_module_ptr(): *Module;
extern function lsp_diag_su_ctx_ptr(): *PipelineDepCtx;

/** 将当前收集的诊断序列化为 LSP Diagnostic[] JSON（含方括号）。 */
extern function lsp_diag_format_diagnostics_json(out: *u8, out_cap: i32): i32;

/** 组装 {"jsonrpc":"2.0","id":…,"result":…}，实现仍在 lsp_diag.c。 */
extern function lsp_build_response_with_result(id_val: i32, result_ptr: *u8, result_len: i32, out_buf: *u8, out_cap: i32): i32;

/** 单独成函数，避免 -E 产物错误丢弃 pipeline_lsp_diag_parse_typeck_buf 调用。 */
function lsp_diag_run_pipeline_on_buf(mut_buf: *u8, sl: i32): i32 {
  lsp_diag_su_reset_parse_buffers();
  let arena: *ASTArena = lsp_diag_su_arena_ptr();
  let module: *Module = lsp_diag_su_module_ptr();
  let ctx: *PipelineDepCtx = lsp_diag_su_ctx_ptr();
  lsp_diag_prepare_pipeline_ctx(ctx);
  return pipeline_lsp_diag_parse_typeck_buf(module, arena, mut_buf, sl, ctx);
}

/**
 * 构建 diagnostic 的 JSON-RPC 响应正文；失败或缓冲区不足返回 -1。
 * id_val 为请求 id；source/source_len 为 UTF-8 文档字节（可为空文档）。
 */
function lsp_build_diagnostics_response(id_val: i32, source: *u8, source_len: i32, out_buf: *u8, out_cap: i32): i32 {
  if (source == 0 as *u8 || out_buf == 0 as *u8 || out_cap <= 0) {
    return -1;
  }
  let sl: i32 = source_len;
  if (sl < 0) {
    sl = 0;
  }
  lsp_diag_invalidate_cache();
  let ncopy: usize = sl as usize;
  let alloc_bytes: usize = ncopy + 1 as usize;
  if (alloc_bytes == 0 as usize) {
    alloc_bytes = 1 as usize;
  }
  let mut_buf: *u8 = heap_alloc_c(alloc_bytes);
  if (mut_buf == 0 as *u8) {
    return -1;
  }
  if (sl > 0) {
    copy_bytes(mut_buf, source, ncopy);
  }
  mut_buf[sl] = 0 as u8;

  lsp_diag_collect_begin();
  let rc: i32 = lsp_diag_run_pipeline_on_buf(mut_buf, sl);
  lsp_diag_collect_end();
  heap_free_c(mut_buf);
  let diag_cap: i32 = 65536 + rc * 0;
  let diag_buf: *u8 = heap_alloc_c(diag_cap as usize);
  if (diag_buf == 0 as *u8) {
    return -1;
  }
  let dn: i32 = lsp_diag_format_diagnostics_json(diag_buf, diag_cap);
  let result_len: i32 = dn;
  if (result_len <= 0) {
    diag_buf[0] = 91 as u8;
    diag_buf[1] = 93 as u8;
    result_len = 2;
  }
  let resp_len: i32 = lsp_build_response_with_result(id_val, diag_buf, result_len, out_buf, out_cap);
  heap_free_c(diag_buf);
  return resp_len;
}

/* ============ hover（arena 全量扫描，无递归） ============ */

/**
 * 扫描 arena 所有表达式，找 (line_1, col_1) 处首个有 resolved_type_ref 的节点。
 * 返回 type_ref（在调用方 arena 中有效）；未找到返回 0。
 */
function lsp_find_type_ref_at_pos(arena: *ASTArena, line_1: i32, col_1: i32): i32 {
  if (arena == 0 as *ASTArena) {
    return 0;
  }
  let ei: i32 = 1;
  while (ei <= arena.num_exprs) {
    let e: Expr = ast_arena_expr_get(arena, ei);
    if (e.line == line_1 && e.col == col_1) {
      if (e.resolved_type_ref != 0) {
        return e.resolved_type_ref;
      }
    }
    ei = ei + 1;
  }
  return 0;
}

/**
 * 在 source 中 (line_0, col_0) 处悬停类型查询。
 * parse+typeck 后扫描 arena 取类型，格式化为可读名称写入 out_buf。
 * 返回写入字节数；未找到返回 0。供 lsp_diag.c / lsp_diag.stub.c 通过 extern 调用。
 */
function lsp_diag_hover_at(source: *u8, source_len: i32, line_0: i32, col_0: i32, out_buf: *u8, out_cap: i32): i32 {
  if (source == 0 as *u8 || out_buf == 0 as *u8 || out_cap <= 0 || source_len < 0) {
    return 0;
  }
  let sl: i32 = source_len;
  if (sl < 0) { sl = 0; }
  /* copy source into heap buffer for pipeline */
  let ncopy: usize = sl as usize;
  let ab: usize = ncopy + 1 as usize;
  if (ab == 0 as usize) { ab = 1 as usize; }
  let mut_buf: *u8 = heap_alloc_c(ab);
  if (mut_buf == 0 as *u8) { return 0; }
  if (sl > 0) { copy_bytes(mut_buf, source, ncopy); }
  mut_buf[sl] = 0 as u8;
  lsp_diag_invalidate_cache();
  lsp_diag_collect_begin();
  let rc: i32 = lsp_diag_run_pipeline_on_buf(mut_buf, sl);
  lsp_diag_collect_end();
  if (rc != 0) { heap_free_c(mut_buf); return 0; }
  let arena: *ASTArena = lsp_diag_su_arena_ptr();
  heap_free_c(mut_buf);
  let type_ref: i32 = lsp_find_type_ref_at_pos(arena, line_0 + 1, col_0 + 1);
  if (type_ref == 0) { return 0; }
  /* 取 type 池中节点，按 kind 逐字写入 out_buf（纯 ASCII 拼接，不递归）。 */
  if (type_ref <= 0 || type_ref > arena.num_types) { return 0; }
  let ty: Type = ast_arena_type_get(arena, type_ref);
  let k: i32 = 0;
  if (ty.kind == TypeKind.TYPE_I32 && out_cap >= 4) {
    out_buf[0] = 105; out_buf[1] = 51; out_buf[2] = 50; return 3;
  }
  if (ty.kind == TypeKind.TYPE_BOOL && out_cap >= 5) {
    out_buf[0] = 98; out_buf[1] = 111; out_buf[2] = 111; out_buf[3] = 108; return 4;
  }
  if (ty.kind == TypeKind.TYPE_U8 && out_cap >= 3) {
    out_buf[0] = 117; out_buf[1] = 56; return 2;
  }
  if (ty.kind == TypeKind.TYPE_U32 && out_cap >= 4) {
    out_buf[0] = 117; out_buf[1] = 51; out_buf[2] = 50; return 3;
  }
  if (ty.kind == TypeKind.TYPE_U64 && out_cap >= 4) {
    out_buf[0] = 117; out_buf[1] = 54; out_buf[2] = 52; return 3;
  }
  if (ty.kind == TypeKind.TYPE_I64 && out_cap >= 4) {
    out_buf[0] = 105; out_buf[1] = 54; out_buf[2] = 52; return 3;
  }
  if (ty.kind == TypeKind.TYPE_USIZE && out_cap >= 6) {
    out_buf[0] = 117; out_buf[1] = 115; out_buf[2] = 105; out_buf[3] = 122; out_buf[4] = 101; return 5;
  }
  if (ty.kind == TypeKind.TYPE_F32 && out_cap >= 4) {
    out_buf[0] = 102; out_buf[1] = 51; out_buf[2] = 50; return 3;
  }
  if (ty.kind == TypeKind.TYPE_F64 && out_cap >= 4) {
    out_buf[0] = 102; out_buf[1] = 54; out_buf[2] = 52; return 3;
  }
  if (ty.kind == TypeKind.TYPE_VOID && out_cap >= 5) {
    out_buf[0] = 118; out_buf[1] = 111; out_buf[2] = 105; out_buf[3] = 100; return 4;
  }
  /* ptr: "*" + 不做递归；只输出 "*" */
  if (ty.kind == TypeKind.TYPE_PTR && out_cap >= 2) {
    out_buf[0] = 42; return 1;
  }
  /* named: 直接输出名字 */
  if (ty.kind == TypeKind.TYPE_NAMED && ty.name_len > 0 && ty.name_len <= 64 && out_cap > ty.name_len) {
    let i: i32 = 0;
    while (i < ty.name_len && k < out_cap) { out_buf[k] = ty.name[i]; k = k + 1; i = i + 1; }
    return k;
  }
  /* fallback */
  if (out_cap >= 2) { out_buf[0] = 63; return 1; }
  return 0;
}

/* ============ references（arena 全量扫描） ============ */

/**
 * 扫描 arena 中所有 EXPR_CALL，收集 call_resolved_func_index==func_index 且 line>0 的调用点。
 * 写入 out_lines/out_cols（1-based），返回条目数，最多 max_refs。
 */
function lsp_collect_call_refs(arena: *ASTArena, func_index: i32, out_lines: *i32, out_cols: *i32, max_refs: i32): i32 {
  if (arena == 0 as *ASTArena || out_lines == 0 as *i32 || out_cols == 0 as *i32 || max_refs <= 0) {
    return 0;
  }
  let count: i32 = 0;
  let ei: i32 = 1;
  while (ei <= arena.num_exprs && count < max_refs) {
    let e: Expr = ast_arena_expr_get(arena, ei);
    if (e.kind == ExprKind.EXPR_CALL && e.call_resolved_func_index == func_index && e.line > 0) {
      out_lines[count] = e.line;
      out_cols[count] = e.col;
      count = count + 1;
    }
    ei = ei + 1;
  }
  return count;
}

/**
 * 在 source 中 (line_0, col_0) 处找引用，收集所有调用点。
 * parse+typeck 后先定位 (line,col) 处的 CALL 节点取 func_index，再全量扫描收集。
 * 输入/输出坐标为 0-based。返回条目数。供 C 侧调用。
 */
function lsp_diag_references_at(source: *u8, source_len: i32, line_0: i32, col_0: i32, out_lines: *i32, out_cols: *i32, max_refs: i32): i32 {
  if (source == 0 as *u8 || out_lines == 0 as *i32 || out_cols == 0 as *i32 || max_refs <= 0 || source_len < 0) {
    return 0;
  }
  let sl: i32 = source_len;
  if (sl < 0) { sl = 0; }
  let ncopy: usize = sl as usize;
  let ab: usize = ncopy + 1 as usize;
  if (ab == 0 as usize) { ab = 1 as usize; }
  let mut_buf: *u8 = heap_alloc_c(ab);
  if (mut_buf == 0 as *u8) { return 0; }
  if (sl > 0) { copy_bytes(mut_buf, source, ncopy); }
  mut_buf[sl] = 0 as u8;
  lsp_diag_invalidate_cache();
  lsp_diag_collect_begin();
  let rc: i32 = lsp_diag_run_pipeline_on_buf(mut_buf, sl);
  lsp_diag_collect_end();
  if (rc != 0) { heap_free_c(mut_buf); return 0; }
  let arena: *ASTArena = lsp_diag_su_arena_ptr();
  heap_free_c(mut_buf);
  /* 先定位 (line,col) 处的 CALL，取 func_index */
  let line_1: i32 = line_0 + 1;
  let col_1: i32 = col_0 + 1;
  let func_index: i32 = -1;
  let ei: i32 = 1;
  while (ei <= arena.num_exprs) {
    let e: Expr = ast_arena_expr_get(arena, ei);
    if (e.line == line_1 && e.col == col_1 && e.kind == ExprKind.EXPR_CALL && e.call_resolved_func_index >= 0) {
      func_index = e.call_resolved_func_index;
      break;
    }
    ei = ei + 1;
  }
  if (func_index < 0) { return 0; }
  /* 收集所有调用点（1-based），转 0-based 输出 */
  let tmp_lines: [512]i32 = [];
  let tmp_cols: [512]i32 = [];
  let n: i32 = lsp_collect_call_refs(arena, func_index, &tmp_lines[0], &tmp_cols[0], 512);
  let out_n: i32 = n;
  if (out_n > max_refs) { out_n = max_refs; }
  let oi: i32 = 0;
  while (oi < out_n) {
    out_lines[oi] = tmp_lines[oi] - 1;
    out_cols[oi] = tmp_cols[oi] - 1;
    oi = oi + 1;
  }
  return out_n;
}

/* ============ semanticTokens（arena 全量扫描，产出 LSP delta 五元组） ============ */

/**
 * 扫描 arena 中所有表达式，产出 LSP SemanticTokens delta 编码的五元组：
 * (deltaLine, deltaStart, length, tokenType, tokenModifiers)。
 * 写入 out_data（i32 数组），返回写入的 i32 个数（= 5 * token_count）。
 */
function lsp_collect_semantic_tokens(arena: *ASTArena, out_data: *i32, out_cap: i32): i32 {
  if (arena == 0 as *ASTArena || out_data == 0 as *i32 || out_cap < 5) {
    return 0;
  }
  let count: i32 = 0;
  let prev_line: i32 = 0;
  let prev_start: i32 = 0;
  /* 遍历 arena 中所有表达式 */
  let ei: i32 = 1;
  while (ei <= arena.num_exprs && count + 5 <= out_cap) {
    let e: Expr = ast_arena_expr_get(arena, ei);
    if (e.line <= 0 || e.col <= 0) { ei = ei + 1; continue; }
    let line0: i32 = e.line - 1; /* 0-based */
    let start0: i32 = e.col - 1;
    let len: i32 = e.var_name_len;
    if (len <= 0) { len = 1; }
    let token_type: i32 = -1;
    let modifiers: i32 = 0;

    /* 根据 ExprKind 确定 token 类型 */
    if (e.kind == ExprKind.EXPR_VAR) {
      token_type = 8; /* variable */
      if (e.resolved_type_ref != 0) {
        modifiers = 4; /* readonly */
      }
    }
    if (e.kind == ExprKind.EXPR_CALL || e.kind == ExprKind.EXPR_METHOD_CALL) {
      token_type = 12; /* function */
      if (e.var_name_len > 0) { len = e.var_name_len; }
    }
    if (e.kind == ExprKind.EXPR_STRUCT_LIT) {
      token_type = 5; /* struct */
      if (e.struct_lit_struct_name_len > 0) { len = e.struct_lit_struct_name_len; }
    }
    if (e.kind == ExprKind.EXPR_ENUM_VARIANT) {
      token_type = 3; /* enum */
      if (e.var_name_len > 0) { len = e.var_name_len; }
    }
    if (e.kind == ExprKind.EXPR_LIT) {
      token_type = 19; /* number */
      len = 1;
    }
    if (e.kind == ExprKind.EXPR_FLOAT_LIT) {
      token_type = 19; /* number */
      len = 1;
    }
    if (e.kind == ExprKind.EXPR_FIELD_ACCESS) {
      token_type = 9; /* property */
      if (e.field_access_field_len > 0) { len = e.field_access_field_len; }
    }
    if (e.kind == ExprKind.EXPR_AS) {
      token_type = 8; /* variable */
    }

    if (token_type >= 0) {
      /* 计算 delta */
      let delta_line: i32 = line0 - prev_line;
      let delta_start: i32 = 0;
      if (delta_line == 0) { delta_start = start0 - prev_start; }
      else { delta_start = start0; }
      out_data[count] = delta_line;     count = count + 1;
      out_data[count] = delta_start;    count = count + 1;
      out_data[count] = len;            count = count + 1;
      out_data[count] = token_type;     count = count + 1;
      out_data[count] = modifiers;      count = count + 1;
      prev_line = line0;
      prev_start = start0;
    }
    ei = ei + 1;
  }
  return count;
}

/**
 * 构建 semanticTokens/full 的 JSON-RPC 响应正文：
 * {"jsonrpc":"2.0","id":ID,"result":{"data":[...]}}
 * doc_buf/doc_len 为当前文档内容；out_buf/out_cap 为输出缓冲。
 * 返回写入长度，失败返回 -1。
 */
function lsp_build_semantic_tokens_response(id_val: i32, doc_buf: *u8, doc_len: i32, out_buf: *u8, out_cap: i32): i32 {
  if (doc_buf == 0 as *u8 || out_buf == 0 as *u8 || out_cap <= 0 || doc_len < 0) {
    return -1;
  }
  let sl: i32 = doc_len;
  let ncopy: usize = sl as usize;
  let ab: usize = ncopy + 1 as usize;
  if (ab == 0 as usize) { ab = 1 as usize; }
  let mut_buf: *u8 = heap_alloc_c(ab);
  if (mut_buf == 0 as *u8) { return -1; }
  if (sl > 0) { copy_bytes(mut_buf, doc_buf, ncopy); }
  mut_buf[sl] = 0 as u8;
  lsp_diag_invalidate_cache();
  lsp_diag_collect_begin();
  let rc: i32 = lsp_diag_run_pipeline_on_buf(mut_buf, sl);
  lsp_diag_collect_end();
  if (rc != 0) { heap_free_c(mut_buf); return -1; }
  let arena: *ASTArena = lsp_diag_su_arena_ptr();
  heap_free_c(mut_buf);

  /* 收集 token 五元组 */
  let token_cap: i32 = 4096;
  let token_bytes: usize = (token_cap * 4) as usize;
  let token_data_raw: *u8 = heap_alloc_c(token_bytes);
  let token_data: *i32 = token_data_raw as *i32;
  if (token_data == 0 as *i32) { return -1; }
  let n_tokens: i32 = lsp_collect_semantic_tokens(arena, token_data, token_cap);

  /* 构建 JSON: {"jsonrpc":"2.0","id":ID,"result":{"data":[...]}} */
  let json_cap: i32 = 262144;
  let json_ptr: *u8 = heap_alloc_c(json_cap as usize);
  if (json_ptr == 0 as *u8) { heap_free_c(token_data as *u8); return -1; }

  /* 手写 JSON 前缀 */
  let prefix: [64]u8 = [];
  let pi: i32 = 0;
  prefix[0]=123;prefix[1]=34;prefix[2]=106;prefix[3]=115;prefix[4]=111;prefix[5]=110;prefix[6]=114;prefix[7]=112;prefix[8]=99;prefix[9]=34;prefix[10]=58;prefix[11]=34;prefix[12]=50;prefix[13]=46;prefix[14]=48;prefix[15]=34;prefix[16]=44;prefix[17]=34;prefix[18]=105;prefix[19]=100;prefix[20]=34;prefix[21]=58;
  pi = 22;
  /* 写入 id */
  let id_str: [12]u8 = [];
  let id_len: i32 = 0;
  let tmp: i32 = id_val;
  if (tmp == 0) { id_str[0] = 48; id_len = 1; }
  else {
    let ds: [12]i32 = [];
    let dn: i32 = 0;
    while (tmp > 0) { ds[dn] = tmp % 10; tmp = tmp / 10; dn = dn + 1; }
    let di: i32 = dn - 1;
    while (di >= 0) { id_str[id_len] = (ds[di] + 48) as u8; id_len = id_len + 1; di = di - 1; }
  }
  let ji: i32 = 0;
  while (ji < id_len && pi < 64) { prefix[pi] = id_str[ji]; pi = pi + 1; ji = ji + 1; }
  prefix[pi]=44; pi=pi+1;
  prefix[pi]=34; pi=pi+1;
  prefix[pi]=114; pi=pi+1;
  prefix[pi]=101; pi=pi+1;
  prefix[pi]=115; pi=pi+1;
  prefix[pi]=117; pi=pi+1;
  prefix[pi]=108; pi=pi+1;
  prefix[pi]=116; pi=pi+1;
  prefix[pi]=34; pi=pi+1;
  prefix[pi]=58; pi=pi+1;
  prefix[pi]=123; pi=pi+1;
  prefix[pi]=34; pi=pi+1;
  prefix[pi]=100; pi=pi+1;
  prefix[pi]=97; pi=pi+1;
  prefix[pi]=116; pi=pi+1;
  prefix[pi]=97; pi=pi+1;
  prefix[pi]=34; pi=pi+1;
  prefix[pi]=58; pi=pi+1;
  prefix[pi]=91; pi=pi+1; /* data: [ */
  /* 复制到 json_ptr */
  let pj: i32 = 0;
  while (pj < pi) { json_ptr[pj] = prefix[pj]; pj = pj + 1; }

  /* 填 token 数值（逗号分隔） */
  let ti: i32 = 0;
  let first: i32 = 1;
  while (ti < n_tokens) {
    let val: i32 = token_data[ti];
    if (first == 0 && pj < json_cap) { json_ptr[pj] = 44; pj = pj + 1; }
    first = 0;
    /* 手动数字转字符串 */
    if (val < 0) { if (pj < json_cap) { json_ptr[pj] = 45; pj = pj + 1; val = -val; } }
    let digits: [12]i32 = [];
    let dn: i32 = 0;
    if (val == 0) { digits[0] = 0; dn = 1; }
    else { let v2: i32 = val; while (v2 > 0) { digits[dn] = v2 % 10; v2 = v2 / 10; dn = dn + 1; } }
    let di: i32 = dn - 1;
    while (di >= 0 && pj < json_cap) { json_ptr[pj] = (digits[di] + 48) as u8; pj = pj + 1; di = di - 1; }
    ti = ti + 1;
  }
  /* 关闭 data]}} */
  if (pj < json_cap) { json_ptr[pj] = 93; pj = pj + 1; }
  if (pj < json_cap) { json_ptr[pj] = 125; pj = pj + 1; }
  if (pj < json_cap) { json_ptr[pj] = 125; pj = pj + 1; }

  let resp_len: i32 = pj;
  /* 复制到 out_buf */
  let ri: i32 = 0;
  while (ri < resp_len && ri < out_cap) { out_buf[ri] = json_ptr[ri]; ri = ri + 1; }
  heap_free_c(json_ptr);
  heap_free_c(token_data as *u8);
  return resp_len;
}
