// tests/tar/long_path_dir.su — STD-152 UStar prefix 长路径 + 目录 + Pax 超长路径烟测
//
// 【文件职责】验证 append_entry/next_entry/read_entry_data 对长路径与目录的支持。
const tar = import("std.tar");

/** 比较 name_out 前 len 字节与 expect 是否一致，且 name_out[len]==0。 */
function prefix_eq(name_out: *u8, expect: *u8, len: i32): bool {
  let i: i32 = 0;
  while (i < len) {
    if (name_out[i] != expect[i]) {
      return false;
    }
    i = i + 1;
  }
  if (name_out[len] != 0) {
    return false;
  }
  return true;
}

function main(): i32 {
  let arc: [8192]u8 = [];
  let off: i32 = 0;

  /* 110 字节路径：60×'a' + "/nested/file.su" */
  let path: [128]u8 = [];
  let i: i32 = 0;
  while (i < 60) {
    path[i] = 97;
    i = i + 1;
  }
  let tail: [16]u8 = [47, 110, 101, 115, 116, 101, 100, 47, 102, 105, 108, 101, 46, 115, 117, 0];
  let j: i32 = 0;
  while (j < 15) {
    path[i] = tail[j];
    i = i + 1;
    j = j + 1;
  }
  let path_len: i32 = i;

  let data: [1]u8 = [88];
  if (tar.append_entry(&arc[0], 8192, &off, &path[0], path_len, &data[0], 1, 0) != 0) {
    return 1;
  }

  /* 长目录：40×'d' + "/deep/" */
  let dir: [64]u8 = [];
  i = 0;
  while (i < 40) {
    dir[i] = 100;
    i = i + 1;
  }
  let dtail: [6]u8 = [47, 100, 101, 101, 112, 47];
  j = 0;
  while (j < 6) {
    dir[i] = dtail[j];
    i = i + 1;
    j = j + 1;
  }
  let dir_len: i32 = i;
  if (tar.append_entry(&arc[0], 8192, &off, &dir[0], dir_len, 0 as *u8, 0, 1) != 0) {
    return 2;
  }

  /* 270 字节 Pax 路径：全 'p' */
  let pax_path: [280]u8 = [];
  i = 0;
  while (i < 270) {
    pax_path[i] = 112;
    i = i + 1;
  }
  let pdata: [1]u8 = [81];
  if (tar.append_entry(&arc[0], 8192, &off, &pax_path[0], 270, &pdata[0], 1, 0) != 0) {
    return 3;
  }

  let z: i32 = 0;
  while (z < 512 && off < 8192) {
    arc[off] = 0;
    off = off + 1;
    z = z + 1;
  }
  let arc_len: i32 = off;

  if (path_max() != 512) {
    return 4;
  }

  let pos: i32 = 0;
  let name_out: [520]u8 = [];
  let sz: i32 = 0;
  let typ: i32 = 0;
  let got_file: i32 = 0;
  let got_dir: i32 = 0;
  let got_pax: i32 = 0;

  while (pos < arc_len) {
    let entry_off: i32 = pos;
    let nr: i32 = tar.next_entry(&arc[0], arc_len, &pos, &name_out[0], 520, &sz, &typ);
    if (nr == 1) {
      break;
    }
    if (nr != 0) {
      return 5;
    }
    if (typ == 53) {
      got_dir = got_dir + 1;
      if (!prefix_eq(&name_out[0], &dir[0], dir_len)) {
        return 6;
      }
    } else if (typ == 48) {
      let out: [4]u8 = [];
      let n: i32 = tar.read_entry_data(&arc[0], arc_len, entry_off, &out[0], 4);
      if (name_out[0] == 97 && name_out[60] == 47) {
        got_file = got_file + 1;
        if (n != 1 || out[0] != 88) {
          return 7;
        }
      } else if (name_out[0] == 112 && name_out[269] == 112) {
        got_pax = got_pax + 1;
        if (n != 1 || out[0] != 81) {
          return 8;
        }
      } else {
        return 9;
      }
    } else {
      return 10;
    }
  }

  if (got_file != 1 || got_dir != 1 || got_pax != 1) {
    return 11;
  }
  return 0;
}
