// STD-072：std.bytes append/reader/writer/view/buffer round-trip 烟测
const bytes = import("std.bytes");
const string = import("std.string");
const mem = import("std.mem");

function main(): i32 {
  let b: Bytes = bytes.bytes_new();
  let abc: [3]u8 = [65, 66, 67];
  if (bytes.bytes_append_slice(&b, &abc[0], 3) != 0) {
    bytes.bytes_deinit(&b);
    return 1;
  }
  if (bytes.bytes_len(b) != 3 || bytes.bytes_capacity(b) < 3) {
    bytes.bytes_deinit(&b);
    return 2;
  }

  let r: BytesReader = bytes.reader_new(&b);
  if (bytes.reader_remaining(r) != 3) {
    bytes.bytes_deinit(&b);
    return 3;
  }
  if (bytes.reader_seek(&r, 1) != 0) {
    bytes.bytes_deinit(&b);
    return 4;
  }
  let out: [2]u8 = [0, 0];
  if (bytes.reader_read(&r, &out[0], 2) != 2) {
    bytes.bytes_deinit(&b);
    return 5;
  }
  if (out[0] != 66 || out[1] != 67) {
    bytes.bytes_deinit(&b);
    return 6;
  }

  let w: BytesWriter = bytes.writer_new(&b);
  let tail: [1]u8 = [68];
  if (bytes.writer_write(&w, &tail[0], 1) != 0) {
    bytes.bytes_deinit(&b);
    return 7;
  }
  if (bytes.bytes_len(b) != 4) {
    bytes.bytes_deinit(&b);
    return 8;
  }

  let v: StrView = bytes.bytes_as_view(b);
  if (string.string_view_len(v) != 4) {
    bytes.bytes_deinit(&b);
    return 9;
  }
  let b2: Bytes = bytes.bytes_from_view(v);
  if (bytes.bytes_len(b2) != 4) {
    bytes.bytes_deinit(&b2);
    bytes.bytes_deinit(&b);
    return 10;
  }
  bytes.bytes_deinit(&b2);

  let buf: Buffer = bytes.bytes_as_buffer(b);
  if ((buf.len as i32) != 4) {
    bytes.bytes_deinit(&b);
    return 11;
  }

  bytes.bytes_clear(&b);
  if (bytes.bytes_len(b) != 0) {
    bytes.bytes_deinit(&b);
    return 12;
  }
  if (bytes.bytes_append_byte(&b, 88) != 0 || bytes.bytes_append_byte(&b, 89) != 0) {
    bytes.bytes_deinit(&b);
    return 13;
  }
  if (bytes.bytes_len(b) != 2) {
    bytes.bytes_deinit(&b);
    return 14;
  }

  let big: [64]u8 = [
    0, 1, 2, 3, 4, 5, 6, 7, 8, 9, 10, 11, 12, 13, 14, 15,
    16, 17, 18, 19, 20, 21, 22, 23, 24, 25, 26, 27, 28, 29, 30, 31,
    32, 33, 34, 35, 36, 37, 38, 39, 40, 41, 42, 43, 44, 45, 46, 47,
    48, 49, 50, 51, 52, 53, 54, 55, 56, 57, 58, 59, 60, 61, 62, 63
  ];
  if (bytes.bytes_grow(&b, 64) != 0) {
    bytes.bytes_deinit(&b);
    return 15;
  }
  if (bytes.bytes_append_slice(&b, &big[0], 64) != 0) {
    bytes.bytes_deinit(&b);
    return 16;
  }
  if (bytes.bytes_len(b) != 66) {
    bytes.bytes_deinit(&b);
    return 17;
  }

  bytes.bytes_deinit(&b);
  return 0;
}
