// asm_build_list.su — asm 自举构建顺序与 LIBROOT 的唯一定义（供 scripts/build_shu_asm.sh 读取）
//
// 职责：-backend asm 构建 shu 时，各 .su 模块的编译顺序与 -L 库根由此文件定义；脚本通过 grep/sed 读取，后续可迁为 .su 内逻辑（如 driver 调 spawn 逐条编译）。
// 约定：脚本匹配 "// BUILD:\t" 行，后接 "out.o\tpath/to/source.su"（制表符分隔）；"// LIBROOT:\t" 行整行为 -L 参数。
// 依赖顺序：token/ast/codegen/typeck/lexer → preprocess → std.fs → lsp → asm 子树 → parser → pipeline → main。

// LIBROOT:	-L asm_libroot -L .. -L src -L src/lexer -L src/ast -L src/parser -L src/typeck -L src/codegen -L src/preprocess -L src/pipeline -L src/lsp -L src/asm

// BUILD:	token.o	src/lexer/token.su
// BUILD:	ast.o	src/ast/ast.su
// BUILD:	codegen.o	src/codegen/codegen.su
// BUILD:	typeck.o	src/typeck/typeck.su
// BUILD:	lexer.o	src/lexer/lexer.su
// BUILD:	preprocess.o	src/preprocess/preprocess.su
// BUILD:	std_fs.o	asm_libroot/std/fs/mod.su
// BUILD:	lsp.o	src/lsp/lsp.su
// BUILD:	types.o	src/asm/types.su
// BUILD:	platform_elf.o	src/asm/platform/elf.su
// BUILD:	x86_64.o	src/asm/arch/x86_64.su
// BUILD:	x86_64_enc.o	src/asm/arch/x86_64_enc.su
// BUILD:	arm64.o	src/asm/arch/arm64.su
// BUILD:	arm64_enc.o	src/asm/arch/arm64_enc.su
// BUILD:	riscv64.o	src/asm/arch/riscv64.su
// BUILD:	riscv64_enc.o	src/asm/arch/riscv64_enc.su
// BUILD:	peephole.o	src/asm/peephole.su
// BUILD:	backend.o	src/asm/backend.su
// BUILD:	asm.o	src/asm/asm.su
// BUILD:	macho.o	src/asm/platform/macho.su
// BUILD:	coff.o	src/asm/platform/coff.su
// BUILD:	parser.o	src/parser/parser.su
// BUILD:	pipeline.o	src/pipeline/pipeline.su
// BUILD:	main.o	src/main.su

// EMPTY_TEXT_EMITTER_BACKLOG（check_asm_o_quality.sh）：曾见多 import 时 pipeline 将各 dep_paths[j] 指向同一 path_buf 致 asm 前缀错乱；已用 PipelineDepCtx.dep_logical_path_mirror 按槽固定。其余 lexer/preprocess/lsp/types/*_enc/backend/asm/macho/coff/parser/pipeline 等仍可能 __text=0，逐项对照 SELFHOST §4.1。
