// std.json — JSON 最小解析与生成（对标 Zig std.json、Rust serde_json）
//
// 【文件职责】解析 number/null/bool/string；object/array 游标与序列化；
// 零拷贝 string view；类型化 decode。单遍、无 sscanf，性能优先。
// 【API 对标】Zig parseFromSlice；Rust from_str / to_string。仅最小子集，无大依赖。

/** JSON 游标：与 json.c json_cursor_t 布局一致（STD-034）。 */
struct JsonCursor {
  ptr: *u8;
  len: i32;
  off: i32;
}

extern function json_parse_number_c(ptr: *u8, len: i32, out_val: *f64, consumed: *i32): i32;
extern function json_parse_null_c(ptr: *u8, len: i32, consumed: *i32): i32;
extern function json_parse_bool_c(ptr: *u8, len: i32, out: *i32, consumed: *i32): i32;
extern function json_parse_string_c(ptr: *u8, len: i32, out: *u8, out_cap: i32, consumed: *i32):
i32;
extern function json_escape_c(ptr: *u8, len: i32, buf: *u8, buf_cap: i32): i32;
extern function json_append_null_c(buf: *u8, buf_cap: i32): i32;
extern function json_append_bool_c(buf: *u8, buf_cap: i32, val: i32): i32;
extern function json_append_number_c(buf: *u8, buf_cap: i32, val: f64): i32;
extern function json_skip_value_c(ptr: *u8, len: i32, consumed: *i32): i32;
extern function json_parse_string_view_c(ptr: *u8, len: i32, out_len: *i32, consumed: *i32): *u8;
extern function json_cursor_init_c(cur: *JsonCursor, ptr: *u8, len: i32): void;
extern function json_cursor_enter_object_c(cur: *JsonCursor): i32;
extern function json_cursor_object_next_c(cur: *JsonCursor, key_buf: *u8, key_cap: i32,
  key_len: *i32): i32;
extern function json_cursor_skip_value_c(cur: *JsonCursor): i32;
extern function json_cursor_enter_array_c(cur: *JsonCursor): i32;
extern function json_cursor_array_has_elem_c(cur: *JsonCursor): i32;
extern function json_cursor_value_type_c(cur: *JsonCursor): i32;
extern function json_decode_i32_at_c(ptr: *u8, len: i32, consumed: *i32, out: *i32): i32;
extern function json_decode_bool_at_c(ptr: *u8, len: i32, consumed: *i32, out: *i32): i32;
extern function json_decode_string_at_c(ptr: *u8, len: i32, out: *u8, out_cap: i32,
  out_len: *i32, consumed: *i32): i32;
extern function json_object_decode_i32_c(cur: *JsonCursor, key: *u8, key_len: i32, out: *i32): i32;
extern function json_object_decode_bool_c(cur: *JsonCursor, key: *u8, key_len: i32, out: *i32): i32;
extern function json_object_decode_string_c(cur: *JsonCursor, key: *u8, key_len: i32, out: *u8,
  out_cap: i32, out_len: *i32): i32;
extern function json_typed_decode_smoke_c(): i32;
extern function json_append_object_c(buf: *u8, cap: i32, off: i32): i32;
extern function json_append_object_end_c(buf: *u8, cap: i32, off: i32): i32;
extern function json_append_array_c(buf: *u8, cap: i32, off: i32): i32;
extern function json_append_array_end_c(buf: *u8, cap: i32, off: i32): i32;
extern function json_append_comma_c(buf: *u8, cap: i32, off: i32): i32;
extern function json_append_key_c(buf: *u8, cap: i32, off: i32, key: *u8, key_len: i32): i32;
extern function json_append_string_value_c(buf: *u8, cap: i32, off: i32, val: *u8,
  val_len: i32): i32;
extern function json_append_number_at_c(buf: *u8, cap: i32, off: i32, val: f64): i32;

/** 零拷贝视图需拷贝时的 out_len 哨兵（STD-008）。 */
function json_view_needs_copy(): i32 { return -2; }

/** object 字段缺失时的返回码（STD-116）。 */
function json_decode_missing(): i32 { return -3; }

function parse_number(ptr: *u8, len: i32, out_val: *f64, consumed: *i32): i32 {
  return json_parse_number_c(ptr, len, out_val, consumed);
}
function parse_null(ptr: *u8, len: i32, consumed: *i32): i32 {
  return json_parse_null_c(ptr, len, consumed);
}
function parse_bool(ptr: *u8, len: i32, out: *i32, consumed: *i32): i32 {
  return json_parse_bool_c(ptr, len, out, consumed);
}
/** 解析 JSON 字符串 "..."（含 \\ \\\" \\n \\r \\t \\uXXXX）；内容写入 out，返回内容长度，失败 -1。 */
function parse_string(ptr: *u8, len: i32, out: *u8, out_cap: i32, consumed: *i32): i32 {
  return json_parse_string_c(ptr, len, out, out_cap, consumed);
}
function escape_string(ptr: *u8, len: i32, buf: *u8, buf_cap: i32): i32 {
  return json_escape_c(ptr, len, buf, buf_cap);
}
function append_null(buf: *u8, buf_cap: i32): i32 {
  return json_append_null_c(buf, buf_cap);
}
function append_bool(buf: *u8, buf_cap: i32, val: i32): i32 {
  return json_append_bool_c(buf, buf_cap, val);
}
function append_number(buf: *u8, buf_cap: i32, val: f64): i32 {
  return json_append_number_c(buf, buf_cap, val);
}

/** 跳过 ptr[0..len) 处完整 JSON 值；成功 0 并写 consumed 字节数，失败 -1（STD-034）。 */
function skip_value(ptr: *u8, len: i32, consumed: *i32): i32 {
  return json_skip_value_c(ptr, len, consumed);
}

/** 无转义 JSON 字符串零拷贝视图；含转义时返回 null 且 *out_len = json_view_needs_copy()。 */
function parse_string_view(ptr: *u8, len: i32, out_len: *i32, consumed: *i32): *u8 {
  return json_parse_string_view_c(ptr, len, out_len, consumed);
}

/** 初始化 JSON 游标。 */
function cursor_init(ptr: *u8, len: i32): JsonCursor {
  let cur: JsonCursor = JsonCursor { ptr: ptr, len: len, off: 0 };
  json_cursor_init_c(&cur, ptr, len);
  return cur;
}

/** 进入 object；期望 leading `{`。 */
function cursor_enter_object(cur: *JsonCursor): i32 {
  return json_cursor_enter_object_c(cur);
}

/** 读取下一 object 键；成功 1，结束 0，错误 -1。 */
function cursor_object_next(cur: *JsonCursor, key_buf: *u8, key_cap: i32, key_len: *i32): i32 {
  return json_cursor_object_next_c(cur, key_buf, key_cap, key_len);
}

/** 跳过当前 value。 */
function cursor_skip_value(cur: *JsonCursor): i32 {
  return json_cursor_skip_value_c(cur);
}

/** 进入 array；期望 leading `[`。 */
function cursor_enter_array(cur: *JsonCursor): i32 {
  return json_cursor_enter_array_c(cur);
}

/** 数组内是否还有元素：1 有，0 已到 `]`。 */
function cursor_array_has_elem(cur: *JsonCursor): i32 {
  return json_cursor_array_has_elem_c(cur);
}

/** 游标处 JSON 值种类（STD-116）。 */
function cursor_value_type(cur: *JsonCursor): i32 {
  return json_cursor_value_type_c(cur);
}

/** 在 ptr 起点解码 i32。 */
function decode_i32_at(ptr: *u8, len: i32, consumed: *i32, out: *i32): i32 {
  return json_decode_i32_at_c(ptr, len, consumed, out);
}

/** 在 ptr 起点解码 bool。 */
function decode_bool_at(ptr: *u8, len: i32, consumed: *i32, out: *i32): i32 {
  return json_decode_bool_at_c(ptr, len, consumed, out);
}

/** 在 ptr 起点解码 string。 */
function decode_string_at(ptr: *u8, len: i32, out: *u8, out_cap: i32, out_len: *i32,
  consumed: *i32): i32 {
  return json_decode_string_at_c(ptr, len, out, out_cap, out_len, consumed);
}

/** object 内按 key 解码 i32 字段。 */
function object_decode_i32(cur: *JsonCursor, key: *u8, key_len: i32, out: *i32): i32 {
  return json_object_decode_i32_c(cur, key, key_len, out);
}

/** object 内按 key 解码 bool 字段。 */
function object_decode_bool(cur: *JsonCursor, key: *u8, key_len: i32, out: *i32): i32 {
  return json_object_decode_bool_c(cur, key, key_len, out);
}

/** object 内按 key 解码 string 字段。 */
function object_decode_string(cur: *JsonCursor, key: *u8, key_len: i32, out: *u8, out_cap: i32,
  out_len: *i32): i32 {
  return json_object_decode_string_c(cur, key, key_len, out, out_cap, out_len);
}

/** 类型化 decode C 烟测钩子（STD-116）。 */
function typed_decode_smoke(): i32 {
  return json_typed_decode_smoke_c();
}

/** 在 buf[off] 写入 `{`。 */
function append_object(buf: *u8, cap: i32, off: i32): i32 {
  return json_append_object_c(buf, cap, off);
}

/** 在 buf[off] 写入 `}`。 */
function append_object_end(buf: *u8, cap: i32, off: i32): i32 {
  return json_append_object_end_c(buf, cap, off);
}

/** 在 buf[off] 写入 `[`。 */
function append_array(buf: *u8, cap: i32, off: i32): i32 {
  return json_append_array_c(buf, cap, off);
}

/** 在 buf[off] 写入 `]`。 */
function append_array_end(buf: *u8, cap: i32, off: i32): i32 {
  return json_append_array_end_c(buf, cap, off);
}

/** 在 buf[off] 写入 `,`。 */
function append_comma(buf: *u8, cap: i32, off: i32): i32 {
  return json_append_comma_c(buf, cap, off);
}

/** 在 buf[off] 写入 `"key":`。 */
function append_key(buf: *u8, cap: i32, off: i32, key: *u8, key_len: i32): i32 {
  return json_append_key_c(buf, cap, off, key, key_len);
}

/** 在 buf[off] 写入 `"value"`。 */
function append_string_value(buf: *u8, cap: i32, off: i32, val: *u8, val_len: i32): i32 {
  return json_append_string_value_c(buf, cap, off, val, val_len);
}

/** 在 buf[off] 写入 number。 */
function append_number_at(buf: *u8, cap: i32, off: i32, val: f64): i32 {
  return json_append_number_at_c(buf, cap, off, val);
}
