// std.csv — CSV 解析与写回（RFC 4180）
//
// next_field / unescape：csv.c（seed asm 五实参 call、第三段数组、while+else
// 等限制）。
// escape：纯 .su。
extern function next_field(ptr: *u8, len: i32, offset: i32, out_start: *i32, out_len: *i32): i32;
extern function unescape(ptr: *u8, len: i32, buf: *u8, buf_cap: i32): i32;
extern function csv_test_quoted_first(out_start: *i32, out_len: *i32): i32;
extern function csv_test_quoted_second(offset: i32, out_start: *i32, out_len: *i32): i32;
extern function csv_test_unescape_ok(buf: *u8, buf_cap: i32): i32;
extern function csv_test_unescape_fail(): i32;
extern function parse_row(ptr: *u8, len: i32, offset: i32, field_starts: *i32, field_lens: *i32, max_fields: i32, out_count: *i32): i32;
extern function write_row(blob: *u8, starts: *i32, lens: *i32, count: i32, out: *u8, out_cap: i32): i32;
/** 将字段转义为带引号的 CSV 单元写入 buf；返回写入长度，失败 -1。 */
function escape(ptr: *u8, len: i32, buf: *u8, buf_cap: i32): i32 {
  if (buf_cap < 2) {
    return -1;
  }
  let i: i32 = 0;
  buf[i] = 34;
  i = i + 1;
  let j: i32 = 0;
  if (i + len + 1 >= buf_cap) {
    return -1;
  }
  while (j < len) {
    buf[i] = ptr[j];
    i = i + 1;
    j = j + 1;
  }
  if (i >= buf_cap - 1) {
    return -1;
  }
  buf[i] = 34;
  i = i + 1;
  return i;
}
